d:\colliajnie shtuchki\belucurrensytraker\x64\debug\libcurl-d.dll
d:\colliajnie shtuchki\belucurrensytraker\x64\debug\zlibd1.dll
d:\colliajnie shtuchki\belucurrensytraker\belucurr.83067614\x64\debug\vc145.pdb
d:\colliajnie shtuchki\belucurrensytraker\belucurr.83067614\x64\debug\vc145.idb
d:\colliajnie shtuchki\belucurrensytraker\belucurr.83067614\x64\debug\belucurrensytraker.obj
d:\colliajnie shtuchki\belucurrensytraker\x64\debug\belucurrensytraker.exe
d:\colliajnie shtuchki\belucurrensytraker\x64\debug\belucurrensytraker.pdb
d:\colliajnie shtuchki\belucurrensytraker\belucurr.83067614\x64\debug\belucurrensytraker.res
d:\colliajnie shtuchki\belucurrensytraker\belucurr.83067614\x64\debug\belucurrensytraker.ilk
d:\colliajnie shtuchki\belucurrensytraker\belucurr.83067614\x64\debug\belucurr.83067614.tlog\belucurrensytraker.write.1u.tlog
d:\colliajnie shtuchki\belucurrensytraker\belucurr.83067614\x64\debug\belucurr.83067614.tlog\cl.command.1.tlog
d:\colliajnie shtuchki\belucurrensytraker\belucurr.83067614\x64\debug\belucurr.83067614.tlog\cl.items.tlog
d:\colliajnie shtuchki\belucurrensytraker\belucurr.83067614\x64\debug\belucurr.83067614.tlog\cl.read.1.tlog
d:\colliajnie shtuchki\belucurrensytraker\belucurr.83067614\x64\debug\belucurr.83067614.tlog\cl.write.1.tlog
d:\colliajnie shtuchki\belucurrensytraker\belucurr.83067614\x64\debug\belucurr.83067614.tlog\link.command.1.tlog
d:\colliajnie shtuchki\belucurrensytraker\belucurr.83067614\x64\debug\belucurr.83067614.tlog\link.read.1.tlog
d:\colliajnie shtuchki\belucurrensytraker\belucurr.83067614\x64\debug\belucurr.83067614.tlog\link.secondary.1.tlog
d:\colliajnie shtuchki\belucurrensytraker\belucurr.83067614\x64\debug\belucurr.83067614.tlog\link.write.1.tlog
d:\colliajnie shtuchki\belucurrensytraker\belucurr.83067614\x64\debug\belucurr.83067614.tlog\rc.command.1.tlog
d:\colliajnie shtuchki\belucurrensytraker\belucurr.83067614\x64\debug\belucurr.83067614.tlog\rc.read.1.tlog
d:\colliajnie shtuchki\belucurrensytraker\belucurr.83067614\x64\debug\belucurr.83067614.tlog\rc.write.1.tlog
